Γ£à Loaded authentication state
≡ƒÜÇ Launching browser...
≡ƒôì Navigating to dashboard...
Γ£à Page loaded, waiting for widget to process...
[LOG] [isBuffActiveOnTarget] Checking food buff: 61747 for targetID: 1 at timestamp: 3296137
[LOG] [isBuffActiveOnTarget] First interval JSON: {"start":1734112,"end":1739296,"targetID":10,"sourceID":10}
[LOG] [isBuffActiveOnTarget] Total intervals: 11
[LOG] [isBuffActiveOnTarget] NO MATCH for ability 61747 targetID 1 at timestamp 3296137
[LOG] [isBuffActiveOnTarget] Checked 11 intervals. Sample intervals JSON:
[LOG] [isBuffActiveOnTarget] Interval 0 JSON: {"start":1734112,"end":1739296,"targetID":10,"sourceID":10}
[LOG] [isBuffActiveOnTarget] Interval 1 JSON: {"start":1734113,"end":1737596,"targetID":2,"sourceID":10}
[LOG] [isBuffActiveOnTarget] Interval 2 JSON: {"start":1734113,"end":1737746,"targetID":12,"sourceID":10}
[LOG] [isBuffActiveOnTarget] Checking food buff: 61744 for targetID: 1 at timestamp: 3296137
[LOG] [isBuffActiveOnTarget] First interval JSON: {"start":1712655,"end":1714572,"targetID":12,"sourceID":12}
[LOG] [isBuffActiveOnTarget] Total intervals: 366
[LOG] [isBuffActiveOnTarget] NO MATCH for ability 61744 targetID 1 at timestamp 3296137
[LOG] [isBuffActiveOnTarget] Checked 366 intervals. Sample intervals JSON:
[LOG] [isBuffActiveOnTarget] Interval 0 JSON: {"start":1712655,"end":1714572,"targetID":12,"sourceID":12}
[LOG] [isBuffActiveOnTarget] Interval 1 JSON: {"start":1714356,"end":1714539,"targetID":1,"sourceID":1}
[LOG] [isBuffActiveOnTarget] Interval 2 JSON: {"start":1714539,"end":1714639,"targetID":1,"sourceID":1}
[LOG] [isBuffActiveOnTarget] Checking food buff: 61747 for targetID: 2 at timestamp: 3296137
[LOG] [isBuffActiveOnTarget] First interval JSON: {"start":1734112,"end":1739296,"targetID":10,"sourceID":10}
[LOG] [isBuffActiveOnTarget] Total intervals: 11
[LOG] [isBuffActiveOnTarget] NO MATCH for ability 61747 targetID 2 at timestamp 3296137
[LOG] [isBuffActiveOnTarget] Checked 11 intervals. Sample intervals JSON:
[LOG] [isBuffActiveOnTarget] Interval 0 JSON: {"start":1734112,"end":1739296,"targetID":10,"sourceID":10}
[LOG] [isBuffActiveOnTarget] Interval 1 JSON: {"start":1734113,"end":1737596,"targetID":2,"sourceID":10}
[LOG] [isBuffActiveOnTarget] Interval 2 JSON: {"start":1734113,"end":1737746,"targetID":12,"sourceID":10}
[LOG] [isBuffActiveOnTarget] Checking food buff: 61744 for targetID: 2 at timestamp: 3296137
[LOG] [isBuffActiveOnTarget] First interval JSON: {"start":1712655,"end":1714572,"targetID":12,"sourceID":12}
[LOG] [isBuffActiveOnTarget] Total intervals: 366
[LOG] [isBuffActiveOnTarget] NO MATCH for ability 61744 targetID 2 at timestamp 3296137
[LOG] [isBuffActiveOnTarget] Checked 366 intervals. Sample intervals JSON:
[LOG] [isBuffActiveOnTarget] Interval 0 JSON: {"start":1712655,"end":1714572,"targetID":12,"sourceID":12}
[LOG] [isBuffActiveOnTarget] Interval 1 JSON: {"start":1714356,"end":1714539,"targetID":1,"sourceID":1}
[LOG] [isBuffActiveOnTarget] Interval 2 JSON: {"start":1714539,"end":1714639,"targetID":1,"sourceID":1}
[LOG] [isBuffActiveOnTarget] Checking food buff: 61747 for targetID: 4 at timestamp: 3296137
[LOG] [isBuffActiveOnTarget] First interval JSON: {"start":1734112,"end":1739296,"targetID":10,"sourceID":10}
[LOG] [isBuffActiveOnTarget] Total intervals: 11
[LOG] [isBuffActiveOnTarget] NO MATCH for ability 61747 targetID 4 at timestamp 3296137
[LOG] [isBuffActiveOnTarget] Checked 11 intervals. Sample intervals JSON:
[LOG] [isBuffActiveOnTarget] Interval 0 JSON: {"start":1734112,"end":1739296,"targetID":10,"sourceID":10}
[LOG] [isBuffActiveOnTarget] Interval 1 JSON: {"start":1734113,"end":1737596,"targetID":2,"sourceID":10}
[LOG] [isBuffActiveOnTarget] Interval 2 JSON: {"start":1734113,"end":1737746,"targetID":12,"sourceID":10}
[LOG] [isBuffActiveOnTarget] Checking food buff: 61744 for targetID: 4 at timestamp: 3296137
[LOG] [isBuffActiveOnTarget] First interval JSON: {"start":1712655,"end":1714572,"targetID":12,"sourceID":12}
[LOG] [isBuffActiveOnTarget] Total intervals: 366
[LOG] [isBuffActiveOnTarget] NO MATCH for ability 61744 targetID 4 at timestamp 3296137
[LOG] [isBuffActiveOnTarget] Checked 366 intervals. Sample intervals JSON:
[LOG] [isBuffActiveOnTarget] Interval 0 JSON: {"start":1712655,"end":1714572,"targetID":12,"sourceID":12}
[LOG] [isBuffActiveOnTarget] Interval 1 JSON: {"start":1714356,"end":1714539,"targetID":1,"sourceID":1}
[LOG] [isBuffActiveOnTarget] Interval 2 JSON: {"start":1714539,"end":1714639,"targetID":1,"sourceID":1}
[LOG] [isBuffActiveOnTarget] Checking food buff: 61747 for targetID: 7 at timestamp: 3296137
[LOG] [isBuffActiveOnTarget] First interval JSON: {"start":1734112,"end":1739296,"targetID":10,"sourceID":10}
[LOG] [isBuffActiveOnTarget] Total intervals: 11
[LOG] [isBuffActiveOnTarget] NO MATCH for ability 61747 targetID 7 at timestamp 3296137
[LOG] [isBuffActiveOnTarget] Checked 11 intervals. Sample intervals JSON:
[LOG] [isBuffActiveOnTarget] Interval 0 JSON: {"start":1734112,"end":1739296,"targetID":10,"sourceID":10}
[LOG] [isBuffActiveOnTarget] Interval 1 JSON: {"start":1734113,"end":1737596,"targetID":2,"sourceID":10}
[LOG] [isBuffActiveOnTarget] Interval 2 JSON: {"start":1734113,"end":1737746,"targetID":12,"sourceID":10}
[LOG] [isBuffActiveOnTarget] Checking food buff: 61744 for targetID: 7 at timestamp: 3296137
[LOG] [isBuffActiveOnTarget] First interval JSON: {"start":1712655,"end":1714572,"targetID":12,"sourceID":12}
[LOG] [isBuffActiveOnTarget] Total intervals: 366
[LOG] [isBuffActiveOnTarget] NO MATCH for ability 61744 targetID 7 at timestamp 3296137
[LOG] [isBuffActiveOnTarget] Checked 366 intervals. Sample intervals JSON:
[LOG] [isBuffActiveOnTarget] Interval 0 JSON: {"start":1712655,"end":1714572,"targetID":12,"sourceID":12}
[LOG] [isBuffActiveOnTarget] Interval 1 JSON: {"start":1714356,"end":1714539,"targetID":1,"sourceID":1}
[LOG] [isBuffActiveOnTarget] Interval 2 JSON: {"start":1714539,"end":1714639,"targetID":1,"sourceID":1}
[LOG] [isBuffActiveOnTarget] Checking food buff: 61747 for targetID: 8 at timestamp: 3296137
[LOG] [isBuffActiveOnTarget] First interval JSON: {"start":1734112,"end":1739296,"targetID":10,"sourceID":10}
[LOG] [isBuffActiveOnTarget] Total intervals: 11
[LOG] [isBuffActiveOnTarget] NO MATCH for ability 61747 targetID 8 at timestamp 3296137
[LOG] [isBuffActiveOnTarget] Checked 11 intervals. Sample intervals JSON:
[LOG] [isBuffActiveOnTarget] Interval 0 JSON: {"start":1734112,"end":1739296,"targetID":10,"sourceID":10}
[LOG] [isBuffActiveOnTarget] Interval 1 JSON: {"start":1734113,"end":1737596,"targetID":2,"sourceID":10}
[LOG] [isBuffActiveOnTarget] Interval 2 JSON: {"start":1734113,"end":1737746,"targetID":12,"sourceID":10}
[LOG] [isBuffActiveOnTarget] Checking food buff: 61744 for targetID: 8 at timestamp: 3296137
[LOG] [isBuffActiveOnTarget] First interval JSON: {"start":1712655,"end":1714572,"targetID":12,"sourceID":12}
[LOG] [isBuffActiveOnTarget] Total intervals: 366
[LOG] [isBuffActiveOnTarget] NO MATCH for ability 61744 targetID 8 at timestamp 3296137
[LOG] [isBuffActiveOnTarget] Checked 366 intervals. Sample intervals JSON:
[LOG] [isBuffActiveOnTarget] Interval 0 JSON: {"start":1712655,"end":1714572,"targetID":12,"sourceID":12}
[LOG] [isBuffActiveOnTarget] Interval 1 JSON: {"start":1714356,"end":1714539,"targetID":1,"sourceID":1}
[LOG] [isBuffActiveOnTarget] Interval 2 JSON: {"start":1714539,"end":1714639,"targetID":1,"sourceID":1}
[LOG] [isBuffActiveOnTarget] Checking food buff: 61747 for targetID: 11 at timestamp: 3296137
[LOG] [isBuffActiveOnTarget] First interval JSON: {"start":1734112,"end":1739296,"targetID":10,"sourceID":10}
[LOG] [isBuffActiveOnTarget] Total intervals: 11
[LOG] [isBuffActiveOnTarget] NO MATCH for ability 61747 targetID 11 at timestamp 3296137
[LOG] [isBuffActiveOnTarget] Checked 11 intervals. Sample intervals JSON:
[LOG] [isBuffActiveOnTarget] Interval 0 JSON: {"start":1734112,"end":1739296,"targetID":10,"sourceID":10}
[LOG] [isBuffActiveOnTarget] Interval 1 JSON: {"start":1734113,"end":1737596,"targetID":2,"sourceID":10}
[LOG] [isBuffActiveOnTarget] Interval 2 JSON: {"start":1734113,"end":1737746,"targetID":12,"sourceID":10}
[LOG] [isBuffActiveOnTarget] Checking food buff: 61744 for targetID: 11 at timestamp: 3296137
[LOG] [isBuffActiveOnTarget] First interval JSON: {"start":1712655,"end":1714572,"targetID":12,"sourceID":12}
[LOG] [isBuffActiveOnTarget] Total intervals: 366
[LOG] [isBuffActiveOnTarget] NO MATCH for ability 61744 targetID 11 at timestamp 3296137
[LOG] [isBuffActiveOnTarget] Checked 366 intervals. Sample intervals JSON:
[LOG] [isBuffActiveOnTarget] Interval 0 JSON: {"start":1712655,"end":1714572,"targetID":12,"sourceID":12}
[LOG] [isBuffActiveOnTarget] Interval 1 JSON: {"start":1714356,"end":1714539,"targetID":1,"sourceID":1}
[LOG] [isBuffActiveOnTarget] Interval 2 JSON: {"start":1714539,"end":1714639,"targetID":1,"sourceID":1}
[LOG] [isBuffActiveOnTarget] Checking food buff: 61747 for targetID: 12 at timestamp: 3296137
[LOG] [isBuffActiveOnTarget] First interval JSON: {"start":1734112,"end":1739296,"targetID":10,"sourceID":10}
[LOG] [isBuffActiveOnTarget] Total intervals: 11
[LOG] [isBuffActiveOnTarget] NO MATCH for ability 61747 targetID 12 at timestamp 3296137
[LOG] [isBuffActiveOnTarget] Checked 11 intervals. Sample intervals JSON:
[LOG] [isBuffActiveOnTarget] Interval 0 JSON: {"start":1734112,"end":1739296,"targetID":10,"sourceID":10}
[LOG] [isBuffActiveOnTarget] Interval 1 JSON: {"start":1734113,"end":1737596,"targetID":2,"sourceID":10}
[LOG] [isBuffActiveOnTarget] Interval 2 JSON: {"start":1734113,"end":1737746,"targetID":12,"sourceID":10}
[LOG] [isBuffActiveOnTarget] Checking food buff: 61744 for targetID: 12 at timestamp: 3296137
[LOG] [isBuffActiveOnTarget] First interval JSON: {"start":1712655,"end":1714572,"targetID":12,"sourceID":12}
[LOG] [isBuffActiveOnTarget] Total intervals: 366
[LOG] [isBuffActiveOnTarget] NO MATCH for ability 61744 targetID 12 at timestamp 3296137
[LOG] [isBuffActiveOnTarget] Checked 366 intervals. Sample intervals JSON:
[LOG] [isBuffActiveOnTarget] Interval 0 JSON: {"start":1712655,"end":1714572,"targetID":12,"sourceID":12}
[LOG] [isBuffActiveOnTarget] Interval 1 JSON: {"start":1714356,"end":1714539,"targetID":1,"sourceID":1}
[LOG] [isBuffActiveOnTarget] Interval 2 JSON: {"start":1714539,"end":1714639,"targetID":1,"sourceID":1}
[LOG] [isBuffActiveOnTarget] Checking food buff: 61747 for targetID: 89 at timestamp: 3296137
[LOG] [isBuffActiveOnTarget] First interval JSON: {"start":1734112,"end":1739296,"targetID":10,"sourceID":10}
[LOG] [isBuffActiveOnTarget] Total intervals: 11
[LOG] [isBuffActiveOnTarget] NO MATCH for ability 61747 targetID 89 at timestamp 3296137
[LOG] [isBuffActiveOnTarget] Checked 11 intervals. Sample intervals JSON:
[LOG] [isBuffActiveOnTarget] Interval 0 JSON: {"start":1734112,"end":1739296,"targetID":10,"sourceID":10}
[LOG] [isBuffActiveOnTarget] Interval 1 JSON: {"start":1734113,"end":1737596,"targetID":2,"sourceID":10}
[LOG] [isBuffActiveOnTarget] Interval 2 JSON: {"start":1734113,"end":1737746,"targetID":12,"sourceID":10}
[LOG] [isBuffActiveOnTarget] Checking food buff: 61744 for targetID: 89 at timestamp: 3296137
[LOG] [isBuffActiveOnTarget] First interval JSON: {"start":1712655,"end":1714572,"targetID":12,"sourceID":12}
[LOG] [isBuffActiveOnTarget] Total intervals: 366
[LOG] [isBuffActiveOnTarget] NO MATCH for ability 61744 targetID 89 at timestamp 3296137
[LOG] [isBuffActiveOnTarget] Checked 366 intervals. Sample intervals JSON:
[LOG] [isBuffActiveOnTarget] Interval 0 JSON: {"start":1712655,"end":1714572,"targetID":12,"sourceID":12}
[LOG] [isBuffActiveOnTarget] Interval 1 JSON: {"start":1714356,"end":1714539,"targetID":1,"sourceID":1}
[LOG] [isBuffActiveOnTarget] Interval 2 JSON: {"start":1714539,"end":1714639,"targetID":1,"sourceID":1}

=== SUMMARY ===
Total console logs captured: 317

Relevant logs (128):
[log] [isBuffActiveOnTarget] Checking food buff: 61747 for targetID: 1 at timestamp: 3296137
[log] [isBuffActiveOnTarget] First interval JSON: {"start":1734112,"end":1739296,"targetID":10,"sourceID":10}
[log] [isBuffActiveOnTarget] Total intervals: 11
[log] [isBuffActiveOnTarget] NO MATCH for ability 61747 targetID 1 at timestamp 3296137
[log] [isBuffActiveOnTarget] Checked 11 intervals. Sample intervals JSON:
[log] [isBuffActiveOnTarget] Interval 0 JSON: {"start":1734112,"end":1739296,"targetID":10,"sourceID":10}
[log] [isBuffActiveOnTarget] Interval 1 JSON: {"start":1734113,"end":1737596,"targetID":2,"sourceID":10}
[log] [isBuffActiveOnTarget] Interval 2 JSON: {"start":1734113,"end":1737746,"targetID":12,"sourceID":10}
[log] [isBuffActiveOnTarget] Checking food buff: 61744 for targetID: 1 at timestamp: 3296137
[log] [isBuffActiveOnTarget] First interval JSON: {"start":1712655,"end":1714572,"targetID":12,"sourceID":12}
[log] [isBuffActiveOnTarget] Total intervals: 366
[log] [isBuffActiveOnTarget] NO MATCH for ability 61744 targetID 1 at timestamp 3296137
[log] [isBuffActiveOnTarget] Checked 366 intervals. Sample intervals JSON:
[log] [isBuffActiveOnTarget] Interval 0 JSON: {"start":1712655,"end":1714572,"targetID":12,"sourceID":12}
[log] [isBuffActiveOnTarget] Interval 1 JSON: {"start":1714356,"end":1714539,"targetID":1,"sourceID":1}
[log] [isBuffActiveOnTarget] Interval 2 JSON: {"start":1714539,"end":1714639,"targetID":1,"sourceID":1}
[log] [isBuffActiveOnTarget] Checking food buff: 61747 for targetID: 2 at timestamp: 3296137
[log] [isBuffActiveOnTarget] First interval JSON: {"start":1734112,"end":1739296,"targetID":10,"sourceID":10}
[log] [isBuffActiveOnTarget] Total intervals: 11
[log] [isBuffActiveOnTarget] NO MATCH for ability 61747 targetID 2 at timestamp 3296137
[log] [isBuffActiveOnTarget] Checked 11 intervals. Sample intervals JSON:
[log] [isBuffActiveOnTarget] Interval 0 JSON: {"start":1734112,"end":1739296,"targetID":10,"sourceID":10}
[log] [isBuffActiveOnTarget] Interval 1 JSON: {"start":1734113,"end":1737596,"targetID":2,"sourceID":10}
[log] [isBuffActiveOnTarget] Interval 2 JSON: {"start":1734113,"end":1737746,"targetID":12,"sourceID":10}
[log] [isBuffActiveOnTarget] Checking food buff: 61744 for targetID: 2 at timestamp: 3296137
[log] [isBuffActiveOnTarget] First interval JSON: {"start":1712655,"end":1714572,"targetID":12,"sourceID":12}
[log] [isBuffActiveOnTarget] Total intervals: 366
[log] [isBuffActiveOnTarget] NO MATCH for ability 61744 targetID 2 at timestamp 3296137
[log] [isBuffActiveOnTarget] Checked 366 intervals. Sample intervals JSON:
[log] [isBuffActiveOnTarget] Interval 0 JSON: {"start":1712655,"end":1714572,"targetID":12,"sourceID":12}
[log] [isBuffActiveOnTarget] Interval 1 JSON: {"start":1714356,"end":1714539,"targetID":1,"sourceID":1}
[log] [isBuffActiveOnTarget] Interval 2 JSON: {"start":1714539,"end":1714639,"targetID":1,"sourceID":1}
[log] [isBuffActiveOnTarget] Checking food buff: 61747 for targetID: 4 at timestamp: 3296137
[log] [isBuffActiveOnTarget] First interval JSON: {"start":1734112,"end":1739296,"targetID":10,"sourceID":10}
[log] [isBuffActiveOnTarget] Total intervals: 11
[log] [isBuffActiveOnTarget] NO MATCH for ability 61747 targetID 4 at timestamp 3296137
[log] [isBuffActiveOnTarget] Checked 11 intervals. Sample intervals JSON:
[log] [isBuffActiveOnTarget] Interval 0 JSON: {"start":1734112,"end":1739296,"targetID":10,"sourceID":10}
[log] [isBuffActiveOnTarget] Interval 1 JSON: {"start":1734113,"end":1737596,"targetID":2,"sourceID":10}
[log] [isBuffActiveOnTarget] Interval 2 JSON: {"start":1734113,"end":1737746,"targetID":12,"sourceID":10}
[log] [isBuffActiveOnTarget] Checking food buff: 61744 for targetID: 4 at timestamp: 3296137
[log] [isBuffActiveOnTarget] First interval JSON: {"start":1712655,"end":1714572,"targetID":12,"sourceID":12}
[log] [isBuffActiveOnTarget] Total intervals: 366
[log] [isBuffActiveOnTarget] NO MATCH for ability 61744 targetID 4 at timestamp 3296137
[log] [isBuffActiveOnTarget] Checked 366 intervals. Sample intervals JSON:
[log] [isBuffActiveOnTarget] Interval 0 JSON: {"start":1712655,"end":1714572,"targetID":12,"sourceID":12}
[log] [isBuffActiveOnTarget] Interval 1 JSON: {"start":1714356,"end":1714539,"targetID":1,"sourceID":1}
[log] [isBuffActiveOnTarget] Interval 2 JSON: {"start":1714539,"end":1714639,"targetID":1,"sourceID":1}
[log] [isBuffActiveOnTarget] Checking food buff: 61747 for targetID: 7 at timestamp: 3296137
[log] [isBuffActiveOnTarget] First interval JSON: {"start":1734112,"end":1739296,"targetID":10,"sourceID":10}
[log] [isBuffActiveOnTarget] Total intervals: 11
[log] [isBuffActiveOnTarget] NO MATCH for ability 61747 targetID 7 at timestamp 3296137
[log] [isBuffActiveOnTarget] Checked 11 intervals. Sample intervals JSON:
[log] [isBuffActiveOnTarget] Interval 0 JSON: {"start":1734112,"end":1739296,"targetID":10,"sourceID":10}
[log] [isBuffActiveOnTarget] Interval 1 JSON: {"start":1734113,"end":1737596,"targetID":2,"sourceID":10}
[log] [isBuffActiveOnTarget] Interval 2 JSON: {"start":1734113,"end":1737746,"targetID":12,"sourceID":10}
[log] [isBuffActiveOnTarget] Checking food buff: 61744 for targetID: 7 at timestamp: 3296137
[log] [isBuffActiveOnTarget] First interval JSON: {"start":1712655,"end":1714572,"targetID":12,"sourceID":12}
[log] [isBuffActiveOnTarget] Total intervals: 366
[log] [isBuffActiveOnTarget] NO MATCH for ability 61744 targetID 7 at timestamp 3296137
[log] [isBuffActiveOnTarget] Checked 366 intervals. Sample intervals JSON:
[log] [isBuffActiveOnTarget] Interval 0 JSON: {"start":1712655,"end":1714572,"targetID":12,"sourceID":12}
[log] [isBuffActiveOnTarget] Interval 1 JSON: {"start":1714356,"end":1714539,"targetID":1,"sourceID":1}
[log] [isBuffActiveOnTarget] Interval 2 JSON: {"start":1714539,"end":1714639,"targetID":1,"sourceID":1}
[log] [isBuffActiveOnTarget] Checking food buff: 61747 for targetID: 8 at timestamp: 3296137
[log] [isBuffActiveOnTarget] First interval JSON: {"start":1734112,"end":1739296,"targetID":10,"sourceID":10}
[log] [isBuffActiveOnTarget] Total intervals: 11
[log] [isBuffActiveOnTarget] NO MATCH for ability 61747 targetID 8 at timestamp 3296137
[log] [isBuffActiveOnTarget] Checked 11 intervals. Sample intervals JSON:
[log] [isBuffActiveOnTarget] Interval 0 JSON: {"start":1734112,"end":1739296,"targetID":10,"sourceID":10}
[log] [isBuffActiveOnTarget] Interval 1 JSON: {"start":1734113,"end":1737596,"targetID":2,"sourceID":10}
[log] [isBuffActiveOnTarget] Interval 2 JSON: {"start":1734113,"end":1737746,"targetID":12,"sourceID":10}
[log] [isBuffActiveOnTarget] Checking food buff: 61744 for targetID: 8 at timestamp: 3296137
[log] [isBuffActiveOnTarget] First interval JSON: {"start":1712655,"end":1714572,"targetID":12,"sourceID":12}
[log] [isBuffActiveOnTarget] Total intervals: 366
[log] [isBuffActiveOnTarget] NO MATCH for ability 61744 targetID 8 at timestamp 3296137
[log] [isBuffActiveOnTarget] Checked 366 intervals. Sample intervals JSON:
[log] [isBuffActiveOnTarget] Interval 0 JSON: {"start":1712655,"end":1714572,"targetID":12,"sourceID":12}
[log] [isBuffActiveOnTarget] Interval 1 JSON: {"start":1714356,"end":1714539,"targetID":1,"sourceID":1}
[log] [isBuffActiveOnTarget] Interval 2 JSON: {"start":1714539,"end":1714639,"targetID":1,"sourceID":1}
[log] [isBuffActiveOnTarget] Checking food buff: 61747 for targetID: 11 at timestamp: 3296137
[log] [isBuffActiveOnTarget] First interval JSON: {"start":1734112,"end":1739296,"targetID":10,"sourceID":10}
[log] [isBuffActiveOnTarget] Total intervals: 11
[log] [isBuffActiveOnTarget] NO MATCH for ability 61747 targetID 11 at timestamp 3296137
[log] [isBuffActiveOnTarget] Checked 11 intervals. Sample intervals JSON:
[log] [isBuffActiveOnTarget] Interval 0 JSON: {"start":1734112,"end":1739296,"targetID":10,"sourceID":10}
[log] [isBuffActiveOnTarget] Interval 1 JSON: {"start":1734113,"end":1737596,"targetID":2,"sourceID":10}
[log] [isBuffActiveOnTarget] Interval 2 JSON: {"start":1734113,"end":1737746,"targetID":12,"sourceID":10}
[log] [isBuffActiveOnTarget] Checking food buff: 61744 for targetID: 11 at timestamp: 3296137
[log] [isBuffActiveOnTarget] First interval JSON: {"start":1712655,"end":1714572,"targetID":12,"sourceID":12}
[log] [isBuffActiveOnTarget] Total intervals: 366
[log] [isBuffActiveOnTarget] NO MATCH for ability 61744 targetID 11 at timestamp 3296137
[log] [isBuffActiveOnTarget] Checked 366 intervals. Sample intervals JSON:
[log] [isBuffActiveOnTarget] Interval 0 JSON: {"start":1712655,"end":1714572,"targetID":12,"sourceID":12}
[log] [isBuffActiveOnTarget] Interval 1 JSON: {"start":1714356,"end":1714539,"targetID":1,"sourceID":1}
[log] [isBuffActiveOnTarget] Interval 2 JSON: {"start":1714539,"end":1714639,"targetID":1,"sourceID":1}
[log] [isBuffActiveOnTarget] Checking food buff: 61747 for targetID: 12 at timestamp: 3296137
[log] [isBuffActiveOnTarget] First interval JSON: {"start":1734112,"end":1739296,"targetID":10,"sourceID":10}
[log] [isBuffActiveOnTarget] Total intervals: 11
[log] [isBuffActiveOnTarget] NO MATCH for ability 61747 targetID 12 at timestamp 3296137
[log] [isBuffActiveOnTarget] Checked 11 intervals. Sample intervals JSON:
[log] [isBuffActiveOnTarget] Interval 0 JSON: {"start":1734112,"end":1739296,"targetID":10,"sourceID":10}
[log] [isBuffActiveOnTarget] Interval 1 JSON: {"start":1734113,"end":1737596,"targetID":2,"sourceID":10}
[log] [isBuffActiveOnTarget] Interval 2 JSON: {"start":1734113,"end":1737746,"targetID":12,"sourceID":10}
[log] [isBuffActiveOnTarget] Checking food buff: 61744 for targetID: 12 at timestamp: 3296137
[log] [isBuffActiveOnTarget] First interval JSON: {"start":1712655,"end":1714572,"targetID":12,"sourceID":12}
[log] [isBuffActiveOnTarget] Total intervals: 366
[log] [isBuffActiveOnTarget] NO MATCH for ability 61744 targetID 12 at timestamp 3296137
[log] [isBuffActiveOnTarget] Checked 366 intervals. Sample intervals JSON:
[log] [isBuffActiveOnTarget] Interval 0 JSON: {"start":1712655,"end":1714572,"targetID":12,"sourceID":12}
[log] [isBuffActiveOnTarget] Interval 1 JSON: {"start":1714356,"end":1714539,"targetID":1,"sourceID":1}
[log] [isBuffActiveOnTarget] Interval 2 JSON: {"start":1714539,"end":1714639,"targetID":1,"sourceID":1}
[log] [isBuffActiveOnTarget] Checking food buff: 61747 for targetID: 89 at timestamp: 3296137
[log] [isBuffActiveOnTarget] First interval JSON: {"start":1734112,"end":1739296,"targetID":10,"sourceID":10}
[log] [isBuffActiveOnTarget] Total intervals: 11
[log] [isBuffActiveOnTarget] NO MATCH for ability 61747 targetID 89 at timestamp 3296137
[log] [isBuffActiveOnTarget] Checked 11 intervals. Sample intervals JSON:
[log] [isBuffActiveOnTarget] Interval 0 JSON: {"start":1734112,"end":1739296,"targetID":10,"sourceID":10}
[log] [isBuffActiveOnTarget] Interval 1 JSON: {"start":1734113,"end":1737596,"targetID":2,"sourceID":10}
[log] [isBuffActiveOnTarget] Interval 2 JSON: {"start":1734113,"end":1737746,"targetID":12,"sourceID":10}
[log] [isBuffActiveOnTarget] Checking food buff: 61744 for targetID: 89 at timestamp: 3296137
[log] [isBuffActiveOnTarget] First interval JSON: {"start":1712655,"end":1714572,"targetID":12,"sourceID":12}
[log] [isBuffActiveOnTarget] Total intervals: 366
[log] [isBuffActiveOnTarget] NO MATCH for ability 61744 targetID 89 at timestamp 3296137
[log] [isBuffActiveOnTarget] Checked 366 intervals. Sample intervals JSON:
[log] [isBuffActiveOnTarget] Interval 0 JSON: {"start":1712655,"end":1714572,"targetID":12,"sourceID":12}
[log] [isBuffActiveOnTarget] Interval 1 JSON: {"start":1714356,"end":1714539,"targetID":1,"sourceID":1}
[log] [isBuffActiveOnTarget] Interval 2 JSON: {"start":1714539,"end":1714639,"targetID":1,"sourceID":1}

≡ƒÆ╛ All logs saved to: D:\code\eso-log-aggregator\debug-console-logs.json

≡ƒæÇ Browser will stay open for inspection. Press Ctrl+C to close.
